C:\ST\STM32CubeIDE_1.16.0\STM32CubeIDE\plugins\com.st.stm32cube.ide.mcu.externaltools.gnu-tools-for-stm32.12.3.rel1.win32_1.0.200.202406191623\tools\arm-none-eabi\include\c++\12.3.1\arm-none-eabi\thumb\v7e-m+fp\hard\bits\gthr-default.h:229:1:int __gthread_key_delete(__gthread_key_t)	16	static
../Drivers/STM32L4xx_HAL_Driver/Inc/stm32l4xx_ll_gpio.h:875:26:uint32_t LL_GPIO_IsInputPinSet(GPIO_TypeDef*, uint32_t)	16	static
../Core/Src/Gabe.cpp:26:1:GPIO_Input::GPIO_Input(GPIO_TypeDef*, uint32_t, bool)	24	static
../Core/Src/Gabe.cpp:30:6:void GPIO_Input::readPin(bool&)	16	static
../Core/Src/Gabe.cpp:38:1:void __static_initialization_and_destruction_0(int, int)	16	static
../Core/Src/Gabe.cpp:38:1:cpp)	8	static
../Core/Src/Gabe.cpp:38:1:cpp)	8	static
